// Jest Snapshot v1, https://goo.gl/fbAQLP

exports[`handles incomplete data 1`] = `null`;

exports[`renders interaction activity 1`] = `
<div
  style={
    Object {
      "border": "1px solid #c0c0c0",
      "padding": "10px",
    }
  }
>
  <div
    style={
      Object {
        "display": "flex",
        "flexFlow": "row wrap",
      }
    }
  >
    <div
      style={
        Object {
          "flexGrow": 1,
          "marginBottom": "10px",
        }
      }
    >
      <div
        className="sc-jAaTju fBEFVB"
      >
        <p>
          An interaction with the company took place
        </p>
      </div>
    </div>
    <div
      style={
        Object {
          "flexGrow": 1,
          "marginBottom": "10px",
          "textAlign": "right",
        }
      }
    >
      <div
        className="sc-jAaTju fBEFVB"
      >
        <p>
          14 days ago
        </p>
      </div>
    </div>
    <div
      style={
        Object {
          "marginBottom": "10px",
          "width": "100%",
        }
      }
    >
      <h3
        className="sc-cMljjf kCLKvB"
        size="MEDIUM"
        style={
          Object {
            "color": "#005ea5",
            "fontWeight": "normal",
          }
        }
      >
        Invited to Technology Roundtable
      </h3>
    </div>
  </div>
  <details
    className="sc-kEYyzF ihcnje"
    open={false}
    style={
      Object {
        "fontSize": "100%",
        "marginBottom": 0,
      }
    }
  >
    <summary
      className="sc-kkGfuU cCdZFh"
    >
      <span
        className="sc-iAyFgw jRkIxn"
      >
        Who was involved
      </span>
    </summary>
    <div
      className="sc-hSdWYo dfimje"
    >
      <table
        className="sc-bwCtUz iVExri"
      >
        <tbody
          className="sc-eXEjpC fuVqJC"
        >
          <tr
            className="sc-iQKALj ftJWrM"
          >
            <th
              className="sc-RefOD dxRfSY"
              style={
                Object {
                  "border": 0,
                  "fontWeight": "normal",
                }
              }
            >
              Advisers
            </th>
            <td
              className="sc-RefOD gzbQXK"
              style={
                Object {
                  "border": 0,
                }
              }
            >
              <span>
                Mario Bros
                 
                <a
                  className="sc-bwzfXH VXMCV"
                  href="mailto:mariobros@dit.com"
                  muted={false}
                >
                  mariobros@dit.com
                </a>
              </span>
            </td>
          </tr>
          <tr
            className="sc-iQKALj ftJWrM"
          >
            <th
              className="sc-RefOD dxRfSY"
              style={
                Object {
                  "border": 0,
                  "fontWeight": "normal",
                }
              }
            >
              DIT team
            </th>
            <td
              className="sc-RefOD gzbQXK"
              style={
                Object {
                  "border": 0,
                }
              }
            >
              team
            </td>
          </tr>
          <tr
            className="sc-iQKALj ftJWrM"
          >
            <th
              className="sc-RefOD dxRfSY"
              style={
                Object {
                  "border": 0,
                  "fontWeight": "normal",
                }
              }
            >
              Services
            </th>
            <td
              className="sc-RefOD gzbQXK"
              style={
                Object {
                  "border": 0,
                }
              }
            >
              Account Management
            </td>
          </tr>
        </tbody>
      </table>
      <a
        className="sc-bwzfXH VXMCV"
        href="https://example.com/companies/a4ead59f-dfc8-e511-a5e6-e4115bead28a/interactions/a066cc49-b679-4cbe-93c5-3ceba2f067ec"
        muted={false}
      >
        Go to the interaction detail page
      </a>
    </div>
  </details>
</div>
`;
