// Jest Snapshot v1, https://goo.gl/fbAQLP

exports[`ActivityFeed when there are activities should render activity 1`] = `
<div
  className="sc-daURTG cCbora"
>
  <div
    className="sc-GMQeP cPFqxA"
  >
    <div
      className="sc-exAgwC jnWYar"
    >
      <h2
        className="sc-cMljjf leOqMw"
        size="LARGE"
      >
        1
         activities
      </h2>
    </div>
    <div
      className="sc-cQFLBn cxgntD"
    >
      <button
        className="sc-VigVT kJjasd"
        disabled={false}
      >
        Add an interaction
      </button>
    </div>
  </div>
  <ol
    className="sc-bXGyLb buRwxd"
  >
    <li>
      <div
        className="sc-cmthru jjutsD"
      >
        <div
          className="sc-hMFtBS bSjygG"
        >
          <div
            className="sc-cLQEGU ciAtZf"
          >
            <div
              className="sc-jAaTju fBEFVB"
            >
              <p>
                An interaction with the company took place
              </p>
            </div>
          </div>
          <div
            className="sc-gqPbQI fPqDmG"
          >
            <div
              className="sc-jAaTju fBEFVB"
            >
              <p>
                20 days ago
              </p>
            </div>
          </div>
          <div
            className="sc-hORach eRIqAV"
          >
            <h3
              className="sc-cMljjf kCLKvB"
              size="MEDIUM"
            >
              Invited to Technology Roundtable
            </h3>
          </div>
        </div>
        <details
          className="sc-bMVAic cchcEg sc-kEYyzF ihcnje"
          open={false}
        >
          <summary
            className="sc-kkGfuU cCdZFh"
          >
            <span
              className="sc-iAyFgw jRkIxn"
            >
              Who was involved
            </span>
          </summary>
          <div
            className="sc-hSdWYo dfimje"
          >
            <table
              className="sc-bwCtUz iVExri"
            >
              <tbody
                className="sc-eXEjpC fuVqJC"
              >
                <tr
                  className="sc-iQKALj ftJWrM"
                >
                  <th
                    className="sc-RefOD dxRfSY"
                    style={
                      Object {
                        "border": 0,
                        "fontWeight": "normal",
                      }
                    }
                  >
                    Advisers
                  </th>
                  <td
                    className="sc-RefOD gzbQXK"
                    style={
                      Object {
                        "border": 0,
                      }
                    }
                  >
                    <span>
                      Mario Bros
                       
                      <a
                        className="sc-bwzfXH VXMCV"
                        href="mailto:mariobros@dit.com"
                        muted={false}
                      >
                        mariobros@dit.com
                      </a>
                    </span>
                  </td>
                </tr>
                <tr
                  className="sc-iQKALj ftJWrM"
                >
                  <th
                    className="sc-RefOD dxRfSY"
                    style={
                      Object {
                        "border": 0,
                        "fontWeight": "normal",
                      }
                    }
                  >
                    Services
                  </th>
                  <td
                    className="sc-RefOD gzbQXK"
                    style={
                      Object {
                        "border": 0,
                      }
                    }
                  >
                    Account Management
                  </td>
                </tr>
              </tbody>
            </table>
            <a
              className="sc-bwzfXH VXMCV"
              href="https://example.com/companies/a4ead59f-dfc8-e511-a5e6-e4115bead28a/interactions/a066cc49-b679-4cbe-93c5-3ceba2f067ec"
              muted={false}
            >
              Go to the interaction detail page
            </a>
          </div>
        </details>
      </div>
    </li>
  </ol>
</div>
`;

exports[`ActivityFeed when there are no activities should render empty feed 1`] = `
<div
  className="sc-daURTG cCbora"
>
  <div
    className="sc-GMQeP cPFqxA"
  >
    <div
      className="sc-exAgwC jnWYar"
    >
      <h2
        className="sc-cMljjf leOqMw"
        size="LARGE"
      >
        0
         activities
      </h2>
    </div>
    <div
      className="sc-cQFLBn cxgntD"
    >
      <button
        className="sc-VigVT kJjasd"
        disabled={false}
      >
        Add an interaction
      </button>
    </div>
  </div>
  <ol
    className="sc-bXGyLb buRwxd"
  />
</div>
`;
